

================================================================
== Vitis HLS Report for 'code_generator_array_dyn_new_Pipeline_firstCode'
================================================================
* Date:           Tue Oct  8 21:19:31 2024

* Version:        2022.2 (Build 4023990 on Oct 11 2023)
* Project:        DecompressorProject
* Solution:       solution1 (Vivado IP Flow Target)
* Product family: virtexuplus
* Target device:  xcvu11p-flga2577-1-e


================================================================
== Performance Estimates
================================================================
+ Timing: 
    * Summary: 
    +--------+----------+----------+------------+
    |  Clock |  Target  | Estimated| Uncertainty|
    +--------+----------+----------+------------+
    |ap_clk  |  10.00 ns|  2.889 ns|     2.70 ns|
    +--------+----------+----------+------------+

+ Latency: 
    * Summary: 
    +---------+---------+----------+----------+-----+-----+---------+
    |  Latency (cycles) |  Latency (absolute) |  Interval | Pipeline|
    |   min   |   max   |    min   |    max   | min | max |   Type  |
    +---------+---------+----------+----------+-----+-----+---------+
    |       17|       17|  0.170 us|  0.170 us|   17|   17|       no|
    +---------+---------+----------+----------+-----+-----+---------+

    + Detail: 
        * Instance: 
        N/A

        * Loop: 
        +-------------+---------+---------+----------+-----------+-----------+------+----------+
        |             |  Latency (cycles) | Iteration|  Initiation Interval  | Trip |          |
        |  Loop Name  |   min   |   max   |  Latency |  achieved |   target  | Count| Pipelined|
        +-------------+---------+---------+----------+-----------+-----------+------+----------+
        |- firstCode  |       15|       15|         1|          1|          1|    15|       yes|
        +-------------+---------+---------+----------+-----------+-----------+------+----------+



================================================================
== Utilization Estimates
================================================================
* Summary: 
+---------------------+---------+------+---------+---------+-----+
|         Name        | BRAM_18K|  DSP |    FF   |   LUT   | URAM|
+---------------------+---------+------+---------+---------+-----+
|DSP                  |        -|     -|        -|        -|    -|
|Expression           |        -|     -|        0|       59|    -|
|FIFO                 |        -|     -|        -|        -|    -|
|Instance             |        -|     -|        0|       65|    -|
|Memory               |        -|     -|        -|        -|    -|
|Multiplexer          |        -|     -|        -|       45|    -|
|Register             |        -|     -|      231|        -|    -|
+---------------------+---------+------+---------+---------+-----+
|Total                |        0|     0|      231|      169|    0|
+---------------------+---------+------+---------+---------+-----+
|Available SLR        |     1344|  3072|   864000|   432000|  320|
+---------------------+---------+------+---------+---------+-----+
|Utilization SLR (%)  |        0|     0|       ~0|       ~0|    0|
+---------------------+---------+------+---------+---------+-----+
|Available            |     4032|  9216|  2592000|  1296000|  960|
+---------------------+---------+------+---------+---------+-----+
|Utilization (%)      |        0|     0|       ~0|       ~0|    0|
+---------------------+---------+------+---------+---------+-----+

+ Detail: 
    * Instance: 
    +---------------------------+----------------------+---------+----+---+----+-----+
    |          Instance         |        Module        | BRAM_18K| DSP| FF| LUT| URAM|
    +---------------------------+----------------------+---------+----+---+----+-----+
    |sparsemux_31_4_9_1_1_U175  |sparsemux_31_4_9_1_1  |        0|   0|  0|  65|    0|
    +---------------------------+----------------------+---------+----+---+----+-----+
    |Total                      |                      |        0|   0|  0|  65|    0|
    +---------------------------+----------------------+---------+----+---+----+-----+

    * DSP: 
    N/A

    * Memory: 
    N/A

    * FIFO: 
    N/A

    * Expression: 
    +-----------------------+----------+----+---+----+------------+------------+
    |     Variable Name     | Operation| DSP| FF| LUT| Bitwidth P0| Bitwidth P1|
    +-----------------------+----------+----+---+----+------------+------------+
    |add_ln785_fu_605_p2    |         +|   0|  0|  12|           5|           1|
    |add_ln787_1_fu_509_p2  |         +|   0|  0|  22|          15|          15|
    |add_ln787_fu_426_p2    |         +|   0|  0|  12|           4|           2|
    |icmp_ln785_fu_413_p2   |      icmp|   0|  0|  13|           5|           6|
    +-----------------------+----------+----+---+----+------------+------------+
    |Total                  |          |   0|  0|  59|          29|          24|
    +-----------------------+----------+----+---+----+------------+------------+

    * Multiplexer: 
    +---------------------------------+----+-----------+-----+-----------+
    |               Name              | LUT| Input Size| Bits| Total Bits|
    +---------------------------------+----+-----------+-----+-----------+
    |ap_done_int                      |   9|          2|    1|          2|
    |ap_sig_allocacmp_i               |   9|          2|    5|         10|
    |ap_sig_allocacmp_phi_ln787_load  |   9|          2|   14|         28|
    |i_3_fu_134                       |   9|          2|    5|         10|
    |phi_ln787_fu_130                 |   9|          2|   14|         28|
    +---------------------------------+----+-----------+-----+-----------+
    |Total                            |  45|         10|   39|         78|
    +---------------------------------+----+-----------+-----+-----------+

    * Register: 
    +---------------------+----+----+-----+-----------+
    |         Name        | FF | LUT| Bits| Const Bits|
    +---------------------+----+----+-----+-----------+
    |ap_CS_fsm            |   1|   0|    1|          0|
    |ap_done_reg          |   1|   0|    1|          0|
    |firstCode_10_fu_178  |  14|   0|   15|          1|
    |firstCode_11_fu_182  |  14|   0|   15|          1|
    |firstCode_12_fu_186  |  14|   0|   15|          1|
    |firstCode_13_fu_190  |  14|   0|   15|          1|
    |firstCode_14_fu_194  |  14|   0|   15|          1|
    |firstCode_1_fu_142   |  14|   0|   15|          1|
    |firstCode_2_fu_146   |  14|   0|   15|          1|
    |firstCode_3_fu_150   |  14|   0|   15|          1|
    |firstCode_4_fu_154   |  14|   0|   15|          1|
    |firstCode_5_fu_158   |  14|   0|   15|          1|
    |firstCode_6_fu_162   |  14|   0|   15|          1|
    |firstCode_7_fu_166   |  14|   0|   15|          1|
    |firstCode_8_fu_170   |  14|   0|   15|          1|
    |firstCode_9_fu_174   |  14|   0|   15|          1|
    |firstCode_fu_138     |  14|   0|   15|          1|
    |i_3_fu_134           |   5|   0|    5|          0|
    |phi_ln787_fu_130     |  14|   0|   15|          1|
    +---------------------+----+----+-----+-----------+
    |Total                | 231|   0|  247|         16|
    +---------------------+----+----+-----+-----------+



================================================================
== Interface
================================================================
* Summary: 
+-------------------------+-----+-----+------------+-------------------------------------------------+--------------+
|        RTL Ports        | Dir | Bits|  Protocol  |                  Source Object                  |    C Type    |
+-------------------------+-----+-----+------------+-------------------------------------------------+--------------+
|ap_clk                   |   in|    1|  ap_ctrl_hs|  code_generator_array_dyn_new_Pipeline_firstCode|  return value|
|ap_rst                   |   in|    1|  ap_ctrl_hs|  code_generator_array_dyn_new_Pipeline_firstCode|  return value|
|ap_start                 |   in|    1|  ap_ctrl_hs|  code_generator_array_dyn_new_Pipeline_firstCode|  return value|
|ap_done                  |  out|    1|  ap_ctrl_hs|  code_generator_array_dyn_new_Pipeline_firstCode|  return value|
|ap_idle                  |  out|    1|  ap_ctrl_hs|  code_generator_array_dyn_new_Pipeline_firstCode|  return value|
|ap_ready                 |  out|    1|  ap_ctrl_hs|  code_generator_array_dyn_new_Pipeline_firstCode|  return value|
|codeOffsets_address0     |  out|    4|   ap_memory|                                      codeOffsets|         array|
|codeOffsets_ce0          |  out|    1|   ap_memory|                                      codeOffsets|         array|
|codeOffsets_we0          |  out|    1|   ap_memory|                                      codeOffsets|         array|
|codeOffsets_d0           |  out|   16|   ap_memory|                                      codeOffsets|         array|
|count_13_reload          |   in|    9|     ap_none|                                  count_13_reload|        scalar|
|count_12_reload          |   in|    9|     ap_none|                                  count_12_reload|        scalar|
|count_11_reload          |   in|    9|     ap_none|                                  count_11_reload|        scalar|
|count_10_reload          |   in|    9|     ap_none|                                  count_10_reload|        scalar|
|count_9_reload           |   in|    9|     ap_none|                                   count_9_reload|        scalar|
|count_8_reload           |   in|    9|     ap_none|                                   count_8_reload|        scalar|
|count_7_reload           |   in|    9|     ap_none|                                   count_7_reload|        scalar|
|count_6_reload           |   in|    9|     ap_none|                                   count_6_reload|        scalar|
|count_5_reload           |   in|    9|     ap_none|                                   count_5_reload|        scalar|
|count_4_reload           |   in|    9|     ap_none|                                   count_4_reload|        scalar|
|count_3_reload           |   in|    9|     ap_none|                                   count_3_reload|        scalar|
|count_2_reload           |   in|    9|     ap_none|                                   count_2_reload|        scalar|
|count_1_reload           |   in|    9|     ap_none|                                   count_1_reload|        scalar|
|count_reload             |   in|    9|     ap_none|                                     count_reload|        scalar|
|firstCode_14_out         |  out|   15|      ap_vld|                                 firstCode_14_out|       pointer|
|firstCode_14_out_ap_vld  |  out|    1|      ap_vld|                                 firstCode_14_out|       pointer|
|firstCode_13_out         |  out|   15|      ap_vld|                                 firstCode_13_out|       pointer|
|firstCode_13_out_ap_vld  |  out|    1|      ap_vld|                                 firstCode_13_out|       pointer|
|firstCode_12_out         |  out|   15|      ap_vld|                                 firstCode_12_out|       pointer|
|firstCode_12_out_ap_vld  |  out|    1|      ap_vld|                                 firstCode_12_out|       pointer|
|firstCode_11_out         |  out|   15|      ap_vld|                                 firstCode_11_out|       pointer|
|firstCode_11_out_ap_vld  |  out|    1|      ap_vld|                                 firstCode_11_out|       pointer|
|firstCode_10_out         |  out|   15|      ap_vld|                                 firstCode_10_out|       pointer|
|firstCode_10_out_ap_vld  |  out|    1|      ap_vld|                                 firstCode_10_out|       pointer|
|firstCode_9_out          |  out|   15|      ap_vld|                                  firstCode_9_out|       pointer|
|firstCode_9_out_ap_vld   |  out|    1|      ap_vld|                                  firstCode_9_out|       pointer|
|firstCode_8_out          |  out|   15|      ap_vld|                                  firstCode_8_out|       pointer|
|firstCode_8_out_ap_vld   |  out|    1|      ap_vld|                                  firstCode_8_out|       pointer|
|firstCode_7_out          |  out|   15|      ap_vld|                                  firstCode_7_out|       pointer|
|firstCode_7_out_ap_vld   |  out|    1|      ap_vld|                                  firstCode_7_out|       pointer|
|firstCode_6_out          |  out|   15|      ap_vld|                                  firstCode_6_out|       pointer|
|firstCode_6_out_ap_vld   |  out|    1|      ap_vld|                                  firstCode_6_out|       pointer|
|firstCode_5_out          |  out|   15|      ap_vld|                                  firstCode_5_out|       pointer|
|firstCode_5_out_ap_vld   |  out|    1|      ap_vld|                                  firstCode_5_out|       pointer|
|firstCode_4_out          |  out|   15|      ap_vld|                                  firstCode_4_out|       pointer|
|firstCode_4_out_ap_vld   |  out|    1|      ap_vld|                                  firstCode_4_out|       pointer|
|firstCode_3_out          |  out|   15|      ap_vld|                                  firstCode_3_out|       pointer|
|firstCode_3_out_ap_vld   |  out|    1|      ap_vld|                                  firstCode_3_out|       pointer|
|firstCode_2_out          |  out|   15|      ap_vld|                                  firstCode_2_out|       pointer|
|firstCode_2_out_ap_vld   |  out|    1|      ap_vld|                                  firstCode_2_out|       pointer|
|firstCode_1_out          |  out|   15|      ap_vld|                                  firstCode_1_out|       pointer|
|firstCode_1_out_ap_vld   |  out|    1|      ap_vld|                                  firstCode_1_out|       pointer|
|firstCode_out            |  out|   15|      ap_vld|                                    firstCode_out|       pointer|
|firstCode_out_ap_vld     |  out|    1|      ap_vld|                                    firstCode_out|       pointer|
+-------------------------+-----+-----+------------+-------------------------------------------------+--------------+

