================================================================
== Design Size Report
================================================================

* Total Instructions per Compilation Phase
+---------------+-----------------------------+--------------+----------------------------------------------------------------------------------------+
| Phase         | Step                        | Instructions | Description                                                                            |
+---------------+-----------------------------+--------------+----------------------------------------------------------------------------------------+
| Compile/Link  |                             | 26,623       | After all functions are compiled and linked into a single design                       |
|               |                             |              |                                                                                        |
| Unroll/Inline |                             |              | After user unroll and inline pragmas are applied                                       |
|               | (1) unroll                  |  3,784       | user unroll pragmas are applied                                                        |
|               | (2) simplification          |  3,063       | simplification of applied user unroll pragmas                                          |
|               | (3) inline                  |  3,001       | user inline pragmas are applied                                                        |
|               | (4) simplification          |  2,980       | simplification of applied user inline pragmas                                          |
|               |                             |              |                                                                                        |
| Array/Struct  |                             |              | After user array partition and struct aggregate/disaggregate pragmas are applied       |
|               | (1) array partition         |  3,942       | user array partition pragmas are applied                                               |
|               | (2) simplification          |  3,252       | simplification of applied user array partition & struct aggregate/disaggregate pragmas |
|               | (3) aggregate/disaggregate  |  3,282       | user struct aggregate/disaggregate pragmas are applied                                 |
|               | (4) array reshape           |  3,295       | apply array reshape pragmas                                                            |
|               | (5) access patterns         |  3,399       | array access pattern optmizations                                                      |
|               |                             |              |                                                                                        |
| Performance   |                             |              | After transformations are applied to meet performance pragma targets                   |
|               | (1) loop simplification     |  3,261       | loop and instruction simplification                                                    |
|               | (2) parallelization         |  3,243       | loops are unrolled or pipelined to meet performance targets                            |
|               | (3) array partition         |  3,243       | arrays are partitioned to meet performance targets                                     |
|               | (4) simplification          |  3,243       | simplification of design after performance transformations                             |
|               |                             |              |                                                                                        |
| HW Transforms |                             |              | After hardware transfomations                                                          |
|               | (1) lowering                |  3,240       | initial conversion to HW specific instructions                                         |
|               | (2) optimizations           |  3,296       | high level synthesis optimizations                                                     |
+---------------+-----------------------------+--------------+----------------------------------------------------------------------------------------+

* Instructions per Function for each Compilation Phase
+-------------------------------------+---------------------------+------------------+-----------------+-----------------+-----------------+-----------------+
| Function                            | Location                  | Compile/Link     | Unroll/Inline   | Array/Struct    | Performance     | HW Transforms   |
+-------------------------------------+---------------------------+------------------+-----------------+-----------------+-----------------+-----------------+
| + decompressor_kernel               | decompressor_kernel.cc:21 | 26,623           | 2,980           | 3,399           | 3,243           | 3,296           |
|  + huffmanDecoderLL<xf::compres...  | huffman_decoder.hpp:866   | 25,896           | 2,894           | 3,270           | 3,134           | 3,162           |
|     loadBitStreamLL                 | huffman_decoder.hpp:52    | 2,873 (17 calls) |  340 (17 calls) |  340 (17 calls) |  340 (17 calls) |  408 (17 calls) |
|     discardBitStreamLL              | huffman_decoder.hpp:71    |   527 (17 calls) |  187 (17 calls) |  187 (17 calls) |  170 (17 calls) |  187 (17 calls) |
|     code_generator_array_dyn_new... | huffman_decoder.hpp:746   | 4,896 (3 calls)  |  672 (3 calls)  | 1,095 (3 calls) |  999 (3 calls)  |  978 (3 calls)  |
|   + byteGen                         | huffman_decoder.hpp:439   | 1,955            |  213            |  197            |  195            |  205            |
|      loadBitStreamLL                | huffman_decoder.hpp:52    |   169            |                 |                 |                 |                 |
|     huffmanBytegenLL                | huffman_decoder.hpp:280   | 9,082 (2 calls)  |  954 (2 calls)  |  806 (2 calls)  |  802 (2 calls)  |  818 (2 calls)  |
+-------------------------------------+---------------------------+------------------+-----------------+-----------------+-----------------+-----------------+

* Design Size Message Settings
+---------------------------------------------+--------+------------------------------------------------------------------+
| Message Setting                             | Value  | Description                                                      |
+---------------------------------------------+--------+------------------------------------------------------------------+
| config_compile -design_size_maximum_warning | 100000 | Show a warning when total design instructions exceeds this value |
+---------------------------------------------+--------+------------------------------------------------------------------+


