

================================================================
== Vitis HLS Report for 'huffmanDecoderLL_2_0_Pipeline_consumeLeftOverData'
================================================================
* Date:           Tue Oct  8 21:19:32 2024

* Version:        2022.2 (Build 4023990 on Oct 11 2023)
* Project:        DecompressorProject
* Solution:       solution1 (Vivado IP Flow Target)
* Product family: virtexuplus
* Target device:  xcvu11p-flga2577-1-e


================================================================
== Performance Estimates
================================================================
+ Timing: 
    * Summary: 
    +--------+----------+----------+------------+
    |  Clock |  Target  | Estimated| Uncertainty|
    +--------+----------+----------+------------+
    |ap_clk  |  10.00 ns|  2.562 ns|     2.70 ns|
    +--------+----------+----------+------------+

+ Latency: 
    * Summary: 
    +---------+---------+----------+----------+-----+-----+---------+
    |  Latency (cycles) |  Latency (absolute) |  Interval | Pipeline|
    |   min   |   max   |    min   |    max   | min | max |   Type  |
    +---------+---------+----------+----------+-----+-----+---------+
    |        ?|        ?|         ?|         ?|    ?|    ?|       no|
    +---------+---------+----------+----------+-----+-----+---------+

    + Detail: 
        * Instance: 
        N/A

        * Loop: 
        +-----------------------+---------+---------+----------+-----------+-----------+------+----------+
        |                       |  Latency (cycles) | Iteration|  Initiation Interval  | Trip |          |
        |       Loop Name       |   min   |   max   |  Latency |  achieved |   target  | Count| Pipelined|
        +-----------------------+---------+---------+----------+-----------+-----------+------+----------+
        |- consumeLeftOverData  |        ?|        ?|         2|          1|          1|     ?|       yes|
        +-----------------------+---------+---------+----------+-----------+-----------+------+----------+



================================================================
== Utilization Estimates
================================================================
* Summary: 
+---------------------+---------+------+---------+---------+-----+
|         Name        | BRAM_18K|  DSP |    FF   |   LUT   | URAM|
+---------------------+---------+------+---------+---------+-----+
|DSP                  |        -|     -|        -|        -|    -|
|Expression           |        -|     -|        0|       12|    -|
|FIFO                 |        -|     -|        -|        -|    -|
|Instance             |        -|     -|        -|        -|    -|
|Memory               |        -|     -|        -|        -|    -|
|Multiplexer          |        -|     -|        -|       54|    -|
|Register             |        -|     -|        5|        -|    -|
+---------------------+---------+------+---------+---------+-----+
|Total                |        0|     0|        5|       66|    0|
+---------------------+---------+------+---------+---------+-----+
|Available SLR        |     1344|  3072|   864000|   432000|  320|
+---------------------+---------+------+---------+---------+-----+
|Utilization SLR (%)  |        0|     0|       ~0|       ~0|    0|
+---------------------+---------+------+---------+---------+-----+
|Available            |     4032|  9216|  2592000|  1296000|  960|
+---------------------+---------+------+---------+---------+-----+
|Utilization (%)      |        0|     0|       ~0|       ~0|    0|
+---------------------+---------+------+---------+---------+-----+

+ Detail: 
    * Instance: 
    N/A

    * DSP: 
    N/A

    * Memory: 
    N/A

    * FIFO: 
    N/A

    * Expression: 
    +----------------------------------+----------+----+---+----+------------+------------+
    |           Variable Name          | Operation| DSP| FF| LUT| Bitwidth P0| Bitwidth P1|
    +----------------------------------+----------+----+---+----+------------+------------+
    |ap_block_state1_pp0_stage0_iter0  |       and|   0|  0|   2|           1|           1|
    |ap_block_state2_pp0_stage0_iter1  |       and|   0|  0|   2|           1|           1|
    |ap_condition_129                  |       and|   0|  0|   2|           1|           1|
    |ap_condition_133                  |       and|   0|  0|   2|           1|           1|
    |ap_block_pp0_stage0_11001         |        or|   0|  0|   2|           1|           1|
    |ap_enable_pp0                     |       xor|   0|  0|   2|           1|           2|
    +----------------------------------+----------+----+---+----+------------+------------+
    |Total                             |          |   0|  0|  12|           6|           7|
    +----------------------------------+----------+----+---+----+------------+------------+

    * Multiplexer: 
    +---------------------------------+----+-----------+-----+-----------+
    |               Name              | LUT| Input Size| Bits| Total Bits|
    +---------------------------------+----+-----------+-----+-----------+
    |ap_done_int                      |   9|          2|    1|          2|
    |ap_enable_reg_pp0_iter1          |   9|          2|    1|          2|
    |ap_phi_mux_done_12_phi_fu_49_p4  |   9|          2|    1|          2|
    |done_12_reg_46                   |   9|          2|    1|          2|
    |huffman_eos_stream_blk_n         |   9|          2|    1|          2|
    |huffman_input_stream_blk_n       |   9|          2|    1|          2|
    +---------------------------------+----+-----------+-----+-----------+
    |Total                            |  54|         12|    6|         12|
    +---------------------------------+----+-----------+-----+-----------+

    * Register: 
    +-------------------------+---+----+-----+-----------+
    |           Name          | FF| LUT| Bits| Const Bits|
    +-------------------------+---+----+-----+-----------+
    |ap_CS_fsm                |  1|   0|    1|          0|
    |ap_done_reg              |  1|   0|    1|          0|
    |ap_enable_reg_pp0_iter1  |  1|   0|    1|          0|
    |done_12_reg_46           |  1|   0|    1|          0|
    |done_reg_57              |  1|   0|    1|          0|
    +-------------------------+---+----+-----+-----------+
    |Total                    |  5|   0|    5|          0|
    +-------------------------+---+----+-----+-----------+



================================================================
== Interface
================================================================
* Summary: 
+------------------------------+-----+-----+------------+-----------------------------------------------------+--------------+
|           RTL Ports          | Dir | Bits|  Protocol  |                    Source Object                    |    C Type    |
+------------------------------+-----+-----+------------+-----------------------------------------------------+--------------+
|ap_clk                        |   in|    1|  ap_ctrl_hs|  huffmanDecoderLL<2, 0>_Pipeline_consumeLeftOverData|  return value|
|ap_rst                        |   in|    1|  ap_ctrl_hs|  huffmanDecoderLL<2, 0>_Pipeline_consumeLeftOverData|  return value|
|ap_start                      |   in|    1|  ap_ctrl_hs|  huffmanDecoderLL<2, 0>_Pipeline_consumeLeftOverData|  return value|
|ap_done                       |  out|    1|  ap_ctrl_hs|  huffmanDecoderLL<2, 0>_Pipeline_consumeLeftOverData|  return value|
|ap_idle                       |  out|    1|  ap_ctrl_hs|  huffmanDecoderLL<2, 0>_Pipeline_consumeLeftOverData|  return value|
|ap_ready                      |  out|    1|  ap_ctrl_hs|  huffmanDecoderLL<2, 0>_Pipeline_consumeLeftOverData|  return value|
|huffman_eos_stream_dout       |   in|    1|     ap_fifo|                                   huffman_eos_stream|       pointer|
|huffman_eos_stream_empty_n    |   in|    1|     ap_fifo|                                   huffman_eos_stream|       pointer|
|huffman_eos_stream_read       |  out|    1|     ap_fifo|                                   huffman_eos_stream|       pointer|
|huffman_input_stream_dout     |   in|   16|     ap_fifo|                                 huffman_input_stream|       pointer|
|huffman_input_stream_empty_n  |   in|    1|     ap_fifo|                                 huffman_input_stream|       pointer|
|huffman_input_stream_read     |  out|    1|     ap_fifo|                                 huffman_input_stream|       pointer|
|done_19                       |   in|    1|     ap_none|                                              done_19|        scalar|
+------------------------------+-----+-----+------------+-----------------------------------------------------+--------------+

