

================================================================
== Vitis HLS Report for 'huffmanDecoderLL_2_0_s'
================================================================
* Date:           Tue Oct  8 21:19:32 2024

* Version:        2022.2 (Build 4023990 on Oct 11 2023)
* Project:        DecompressorProject
* Solution:       solution1 (Vivado IP Flow Target)
* Product family: virtexuplus
* Target device:  xcvu11p-flga2577-1-e


================================================================
== Performance Estimates
================================================================
+ Timing: 
    * Summary: 
    +--------+----------+----------+------------+
    |  Clock |  Target  | Estimated| Uncertainty|
    +--------+----------+----------+------------+
    |ap_clk  |  10.00 ns|  7.260 ns|     2.70 ns|
    +--------+----------+----------+------------+

+ Latency: 
    * Summary: 
    +---------+---------+----------+----------+-----+-----+---------+
    |  Latency (cycles) |  Latency (absolute) |  Interval | Pipeline|
    |   min   |   max   |    min   |    max   | min | max |   Type  |
    +---------+---------+----------+----------+-----+-----+---------+
    |        ?|        ?|         ?|         ?|    ?|    ?|       no|
    +---------+---------+----------+----------+-----+-----+---------+

    + Detail: 
        * Instance: 
        +--------------------------------------------------------------+---------------------------------------------------+---------+---------+-----------+-----------+-----+-------+---------+
        |                                                              |                                                   |  Latency (cycles) |   Latency (absolute)  |   Interval  | Pipeline|
        |                           Instance                           |                       Module                      |   min   |   max   |    min    |    max    | min |  max  |   Type  |
        +--------------------------------------------------------------+---------------------------------------------------+---------+---------+-----------+-----------+-----+-------+---------+
        |grp_loadBitStreamLL_fu_580                                    |loadBitStreamLL                                    |        0|        0|       0 ns|       0 ns|    0|      0|       no|
        |grp_discardBitStreamLL_fu_600                                 |discardBitStreamLL                                 |        0|        0|       0 ns|       0 ns|    1|      1|      yes|
        |call_ret29_discardBitStreamLL_fu_610                          |discardBitStreamLL                                 |        0|        0|       0 ns|       0 ns|    1|      1|      yes|
        |call_ret30_discardBitStreamLL_fu_618                          |discardBitStreamLL                                 |        0|        0|       0 ns|       0 ns|    1|      1|      yes|
        |grp_discardBitStreamLL_fu_626                                 |discardBitStreamLL                                 |        0|        0|       0 ns|       0 ns|    1|      1|      yes|
        |grp_huffmanDecoderLL_2_0_Pipeline_read_fname_fu_636           |huffmanDecoderLL_2_0_Pipeline_read_fname           |        ?|        ?|          ?|          ?|    ?|      ?|       no|
        |grp_huffmanDecoderLL_2_0_Pipeline_VITIS_LOOP_1130_3_fu_651    |huffmanDecoderLL_2_0_Pipeline_VITIS_LOOP_1130_3    |      290|      290|   2.900 us|   2.900 us|  290|    290|       no|
        |grp_huffmanBytegenLL_fu_661                                   |huffmanBytegenLL                                   |        ?|        ?|          ?|          ?|    ?|      ?|       no|
        |grp_huffmanDecoderLL_2_0_Pipeline_dyn_len_bits_fu_711         |huffmanDecoderLL_2_0_Pipeline_dyn_len_bits         |        ?|        ?|          ?|          ?|    ?|      ?|       no|
        |grp_huffmanDecoderLL_2_0_Pipeline_VITIS_LOOP_1081_2_fu_729    |huffmanDecoderLL_2_0_Pipeline_VITIS_LOOP_1081_2    |        2|      513|  20.000 ns|   5.130 us|    2|    513|       no|
        |grp_code_generator_array_dyn_new_fu_737                       |code_generator_array_dyn_new                       |       26|     1048|   0.260 us|  10.480 us|   26|   1048|       no|
        |grp_byteGen_fu_762                                            |byteGen                                            |        ?|        ?|          ?|          ?|    ?|      ?|       no|
        |grp_huffmanDecoderLL_2_0_Pipeline_strd_blk_cpy_fu_784         |huffmanDecoderLL_2_0_Pipeline_strd_blk_cpy         |        3|    65538|  30.000 ns|   0.655 ms|    3|  65538|       no|
        |grp_huffmanDecoderLL_2_0_Pipeline_consumeLeftOverData_fu_801  |huffmanDecoderLL_2_0_Pipeline_consumeLeftOverData  |        ?|        ?|          ?|          ?|    ?|      ?|       no|
        +--------------------------------------------------------------+---------------------------------------------------+---------+---------+-----------+-----------+-----+-------+---------+

        * Loop: 
        +-------------------------+---------+---------+----------+-----------+-----------+------+----------+
        |                         |  Latency (cycles) | Iteration|  Initiation Interval  | Trip |          |
        |        Loop Name        |   min   |   max   |  Latency |  achieved |   target  | Count| Pipelined|
        +-------------------------+---------+---------+----------+-----------+-----------+------+----------+
        |- huffmanDecoder_label0  |        ?|        ?|         ?|          -|          -|     ?|        no|
        | + VITIS_LOOP_1009_1     |        ?|        ?|         ?|          -|          -|     ?|        no|
        +-------------------------+---------+---------+----------+-----------+-----------+------+----------+



================================================================
== Utilization Estimates
================================================================
* Summary: 
+---------------------+---------+------+---------+---------+-----+
|         Name        | BRAM_18K|  DSP |    FF   |   LUT   | URAM|
+---------------------+---------+------+---------+---------+-----+
|DSP                  |        -|     -|        -|        -|    -|
|Expression           |        -|     -|        0|      252|    -|
|FIFO                 |        -|     -|        -|        -|    -|
|Instance             |        0|     -|     1986|     6656|    -|
|Memory               |        0|     -|      344|      689|    0|
|Multiplexer          |        -|     -|        -|     2804|    -|
|Register             |        -|     -|      760|        -|    -|
+---------------------+---------+------+---------+---------+-----+
|Total                |        0|     0|     3090|    10401|    0|
+---------------------+---------+------+---------+---------+-----+
|Available SLR        |     1344|  3072|   864000|   432000|  320|
+---------------------+---------+------+---------+---------+-----+
|Utilization SLR (%)  |        0|     0|       ~0|        2|    0|
+---------------------+---------+------+---------+---------+-----+
|Available            |     4032|  9216|  2592000|  1296000|  960|
+---------------------+---------+------+---------+---------+-----+
|Utilization (%)      |        0|     0|       ~0|       ~0|    0|
+---------------------+---------+------+---------+---------+-----+

+ Detail: 
    * Instance: 
    +--------------------------------------------------------------+---------------------------------------------------+---------+----+-----+------+-----+
    |                           Instance                           |                       Module                      | BRAM_18K| DSP|  FF |  LUT | URAM|
    +--------------------------------------------------------------+---------------------------------------------------+---------+----+-----+------+-----+
    |grp_byteGen_fu_762                                            |byteGen                                            |        0|   0|  344|  1613|    0|
    |grp_code_generator_array_dyn_new_fu_737                       |code_generator_array_dyn_new                       |        0|   0|  642|   895|    0|
    |grp_discardBitStreamLL_fu_600                                 |discardBitStreamLL                                 |        0|   0|    0|   113|    0|
    |call_ret29_discardBitStreamLL_fu_610                          |discardBitStreamLL                                 |        0|   0|    0|   113|    0|
    |call_ret30_discardBitStreamLL_fu_618                          |discardBitStreamLL                                 |        0|   0|    0|   113|    0|
    |grp_discardBitStreamLL_fu_626                                 |discardBitStreamLL                                 |        0|   0|    0|   113|    0|
    |grp_huffmanBytegenLL_fu_661                                   |huffmanBytegenLL                                   |        0|   0|  637|  2022|    0|
    |grp_huffmanDecoderLL_2_0_Pipeline_VITIS_LOOP_1081_2_fu_729    |huffmanDecoderLL_2_0_Pipeline_VITIS_LOOP_1081_2    |        0|   0|    9|    64|    0|
    |grp_huffmanDecoderLL_2_0_Pipeline_VITIS_LOOP_1130_3_fu_651    |huffmanDecoderLL_2_0_Pipeline_VITIS_LOOP_1130_3    |        0|   0|   57|   344|    0|
    |grp_huffmanDecoderLL_2_0_Pipeline_consumeLeftOverData_fu_801  |huffmanDecoderLL_2_0_Pipeline_consumeLeftOverData  |        0|   0|    5|    66|    0|
    |grp_huffmanDecoderLL_2_0_Pipeline_dyn_len_bits_fu_711         |huffmanDecoderLL_2_0_Pipeline_dyn_len_bits         |        0|   0|  133|   349|    0|
    |grp_huffmanDecoderLL_2_0_Pipeline_read_fname_fu_636           |huffmanDecoderLL_2_0_Pipeline_read_fname           |        0|   0|   50|   275|    0|
    |grp_huffmanDecoderLL_2_0_Pipeline_strd_blk_cpy_fu_784         |huffmanDecoderLL_2_0_Pipeline_strd_blk_cpy         |        0|   0|   69|   328|    0|
    |grp_loadBitStreamLL_fu_580                                    |loadBitStreamLL                                    |        0|   0|   40|   248|    0|
    +--------------------------------------------------------------+---------------------------------------------------+---------+----+-----+------+-----+
    |Total                                                         |                                                   |        0|   0| 1986|  6656|    0|
    +--------------------------------------------------------------+---------------------------------------------------+---------+----+-----+------+-----+

    * DSP: 
    N/A

    * Memory: 
    +-----------------+--------------------------------------------------------+---------+----+----+-----+------+-----+------+-------------+
    |      Memory     |                         Module                         | BRAM_18K| FF | LUT| URAM| Words| Bits| Banks| W*Bits*Banks|
    +-----------------+--------------------------------------------------------+---------+----+----+-----+------+-----+------+-------------+
    |bl1Code_U        |huffmanDecoderLL_2_0_s_bl1Code_RAM_1P_LUTRAM_1R1W       |        0|   9|   1|    0|     2|    9|     1|           18|
    |bl1Code_1_U      |huffmanDecoderLL_2_0_s_bl1Code_RAM_1P_LUTRAM_1R1W       |        0|   9|   1|    0|     2|    9|     1|           18|
    |bl2Code_U        |huffmanDecoderLL_2_0_s_bl2Code_RAM_1P_LUTRAM_1R1W       |        0|   9|   1|    0|     4|    9|     1|           36|
    |bl2Code_1_U      |huffmanDecoderLL_2_0_s_bl2Code_RAM_1P_LUTRAM_1R1W       |        0|   9|   1|    0|     4|    9|     1|           36|
    |bl3Code_U        |huffmanDecoderLL_2_0_s_bl3Code_RAM_1P_LUTRAM_1R1W       |        0|   9|   2|    0|     8|    9|     1|           72|
    |bl3Code_1_U      |huffmanDecoderLL_2_0_s_bl3Code_RAM_1P_LUTRAM_1R1W       |        0|   9|   2|    0|     8|    9|     1|           72|
    |bl4Code_U        |huffmanDecoderLL_2_0_s_bl4Code_RAM_1P_LUTRAM_1R1W       |        0|   9|   3|    0|    16|    9|     1|          144|
    |bl4Code_1_U      |huffmanDecoderLL_2_0_s_bl4Code_RAM_1P_LUTRAM_1R1W       |        0|   9|   3|    0|    16|    9|     1|          144|
    |bl5Code_U        |huffmanDecoderLL_2_0_s_bl5Code_RAM_1P_LUTRAM_1R1W       |        0|   9|   5|    0|    32|    9|     1|          288|
    |bl5Code_1_U      |huffmanDecoderLL_2_0_s_bl5Code_RAM_1P_LUTRAM_1R1W       |        0|   9|   5|    0|    32|    9|     1|          288|
    |bl6Code_U        |huffmanDecoderLL_2_0_s_bl6Code_RAM_1P_LUTRAM_1R1W       |        0|   9|   9|    0|    64|    9|     1|          576|
    |bl6Code_1_U      |huffmanDecoderLL_2_0_s_bl6Code_RAM_1P_LUTRAM_1R1W       |        0|   9|   9|    0|    64|    9|     1|          576|
    |bl7Code_U        |huffmanDecoderLL_2_0_s_bl7Code_RAM_1P_LUTRAM_1R1W       |        0|   9|  18|    0|   128|    9|     1|         1152|
    |bl7Code_1_U      |huffmanDecoderLL_2_0_s_bl7Code_RAM_1P_LUTRAM_1R1W       |        0|   9|  18|    0|   128|    9|     1|         1152|
    |bl8Code_U        |huffmanDecoderLL_2_0_s_bl8Code_RAM_1P_LUTRAM_1R1W       |        0|   9|  36|    0|   256|    9|     1|         2304|
    |bl8Code_1_U      |huffmanDecoderLL_2_0_s_bl8Code_RAM_1P_LUTRAM_1R1W       |        0|   9|  36|    0|   256|    9|     1|         2304|
    |bl9Code_U        |huffmanDecoderLL_2_0_s_bl8Code_RAM_1P_LUTRAM_1R1W       |        0|   9|  36|    0|   256|    9|     1|         2304|
    |bl9Code_1_U      |huffmanDecoderLL_2_0_s_bl8Code_RAM_1P_LUTRAM_1R1W       |        0|   9|  36|    0|   256|    9|     1|         2304|
    |bl10Code_U       |huffmanDecoderLL_2_0_s_bl8Code_RAM_1P_LUTRAM_1R1W       |        0|   9|  36|    0|   256|    9|     1|         2304|
    |bl10Code_1_U     |huffmanDecoderLL_2_0_s_bl8Code_RAM_1P_LUTRAM_1R1W       |        0|   9|  36|    0|   256|    9|     1|         2304|
    |bl11Code_U       |huffmanDecoderLL_2_0_s_bl8Code_RAM_1P_LUTRAM_1R1W       |        0|   9|  36|    0|   256|    9|     1|         2304|
    |bl11Code_1_U     |huffmanDecoderLL_2_0_s_bl8Code_RAM_1P_LUTRAM_1R1W       |        0|   9|  36|    0|   256|    9|     1|         2304|
    |bl12Code_U       |huffmanDecoderLL_2_0_s_bl8Code_RAM_1P_LUTRAM_1R1W       |        0|   9|  36|    0|   256|    9|     1|         2304|
    |bl12Code_1_U     |huffmanDecoderLL_2_0_s_bl8Code_RAM_1P_LUTRAM_1R1W       |        0|   9|  36|    0|   256|    9|     1|         2304|
    |bl13Code_U       |huffmanDecoderLL_2_0_s_bl8Code_RAM_1P_LUTRAM_1R1W       |        0|   9|  36|    0|   256|    9|     1|         2304|
    |bl13Code_1_U     |huffmanDecoderLL_2_0_s_bl8Code_RAM_1P_LUTRAM_1R1W       |        0|   9|  36|    0|   256|    9|     1|         2304|
    |bl14Code_U       |huffmanDecoderLL_2_0_s_bl8Code_RAM_1P_LUTRAM_1R1W       |        0|   9|  36|    0|   256|    9|     1|         2304|
    |bl14Code_1_U     |huffmanDecoderLL_2_0_s_bl8Code_RAM_1P_LUTRAM_1R1W       |        0|   9|  36|    0|   256|    9|     1|         2304|
    |bl15Code_U       |huffmanDecoderLL_2_0_s_bl8Code_RAM_1P_LUTRAM_1R1W       |        0|   9|  36|    0|   256|    9|     1|         2304|
    |bl15Code_1_U     |huffmanDecoderLL_2_0_s_bl8Code_RAM_1P_LUTRAM_1R1W       |        0|   9|  36|    0|   256|    9|     1|         2304|
    |codeOffsets_U    |huffmanDecoderLL_2_0_s_codeOffsets_RAM_AUTO_1R1W        |        0|  32|   4|    0|    15|   16|     1|          240|
    |codeOffsets_1_U  |huffmanDecoderLL_2_0_s_codeOffsets_RAM_AUTO_1R1W        |        0|  32|   4|    0|    15|   16|     1|          240|
    |dynamic_lens_U   |huffmanDecoderLL_2_0_s_dynamic_lens_RAM_1P_LUTRAM_1R1W  |        0|   5|  25|    0|   318|    5|     1|         1590|
    |order_U          |huffmanDecoderLL_2_0_s_order_ROM_AUTO_1R                |        0|   5|   2|    0|    19|    5|     1|           95|
    +-----------------+--------------------------------------------------------+---------+----+----+-----+------+-----+------+-------------+
    |Total            |                                                        |        0| 344| 689|    0|  4971|  312|    34|        43601|
    +-----------------+--------------------------------------------------------+---------+----+----+-----+------+-----+------+-------------+

    * FIFO: 
    N/A

    * Expression: 
    +----------------------------------+----------+----+---+----+------------+------------+
    |           Variable Name          | Operation| DSP| FF| LUT| Bitwidth P0| Bitwidth P1|
    +----------------------------------+----------+----+---+----+------------+------------+
    |add_ln1069_fu_1063_p2             |         +|   0|  0|  12|           5|           3|
    |bits_cntr_20_fu_1010_p2           |         +|   0|  0|  13|           6|           3|
    |dynamic_ndist_fu_1083_p2          |         +|   0|  0|  13|           6|           1|
    |dynamic_nlen_fu_1073_p2           |         +|   0|  0|  16|           9|           9|
    |bits_cntr_25_fu_1139_p2           |         -|   0|  0|  13|           6|           6|
    |ap_block_state14                  |       and|   0|  0|   2|           1|           1|
    |ap_block_state2                   |       and|   0|  0|   2|           1|           1|
    |ap_block_state33_on_subcall_done  |       and|   0|  0|   2|           1|           1|
    |blocks_processed_fu_932_p2        |      icmp|   0|  0|  15|           8|           7|
    |icmp_ln1035_fu_1150_p2            |      icmp|   0|  0|  23|          16|           1|
    |icmp_ln955_fu_926_p2              |      icmp|   0|  0|  23|          16|          16|
    |skip_fname_fu_954_p2              |      icmp|   0|  0|  15|           8|           1|
    |bitbuffer_25_fu_1129_p2           |      lshr|   0|  0|  88|          29|          29|
    |ap_block_state13                  |        or|   0|  0|   2|           1|           1|
    |blocks_processed_4_fu_1118_p2     |        or|   0|  0|   2|           1|           1|
    |or_ln1008_fu_938_p2               |        or|   0|  0|   2|           1|           1|
    |or_ln1009_fu_976_p2               |        or|   0|  0|   2|           1|           1|
    |grp_fu_836_p3                     |    select|   0|  0|   3|           1|           3|
    |xor_ln1069_fu_1054_p2             |       xor|   0|  0|   4|           4|           2|
    +----------------------------------+----------+----+---+----+------------+------------+
    |Total                             |          |   0|  0| 252|         121|          88|
    +----------------------------------+----------+----+---+----+------------+------------+

    * Multiplexer: 
    +-----------------------------------------------------+-----+-----------+-----+-----------+
    |                         Name                        | LUT | Input Size| Bits| Total Bits|
    +-----------------------------------------------------+-----+-----------+-----+-----------+
    |ap_NS_fsm                                            |  205|         47|    1|         47|
    |ap_phi_mux_bitbuffer_11_phi_fu_514_p10               |    9|          2|   32|         64|
    |ap_phi_mux_bitbuffer_4336_phi_fu_362_p6              |    9|          2|   32|         64|
    |ap_phi_mux_bits_cntr_4343_phi_fu_350_p6              |    9|          2|    6|         12|
    |ap_phi_mux_bits_cntr_9_phi_fu_497_p10                |    9|          2|    6|         12|
    |ap_phi_mux_blocks_processed_1_phi_fu_408_p6          |    9|          2|    1|          2|
    |ap_phi_mux_blocks_processed_3_phi_fu_532_p10         |    9|          2|    1|          2|
    |ap_phi_mux_done_11_phi_fu_480_p10                    |    9|          2|    1|          2|
    |ap_phi_mux_done_4349_phi_fu_338_p6                   |    9|          2|    1|          2|
    |ap_phi_mux_isMultipleFiles_130_phi_fu_375_p6         |    9|          2|    1|          2|
    |bitbuffer_0_fu_128                                   |    9|          2|   32|         64|
    |bitbuffer_11_reg_510                                 |   20|          4|   32|        128|
    |bitbuffer_12_reg_571                                 |    9|          2|   32|         64|
    |bitbuffer_4336_reg_359                               |    9|          2|   32|         64|
    |bitbuffer_5337_reg_441                               |    9|          2|   32|         64|
    |bits_cntr_0_fu_132                                   |    9|          2|    6|         12|
    |bits_cntr_10_reg_562                                 |    9|          2|    6|         12|
    |bits_cntr_4343_reg_347                               |    9|          2|    6|         12|
    |bits_cntr_5344_reg_430                               |    9|          2|    6|         12|
    |bits_cntr_9_reg_493                                  |   20|          4|    6|         24|
    |bl10Code_1_address0                                  |   14|          3|    8|         24|
    |bl10Code_1_ce0                                       |   14|          3|    1|          3|
    |bl10Code_1_we0                                       |    9|          2|    1|          2|
    |bl10Code_address0                                    |   14|          3|    8|         24|
    |bl10Code_ce0                                         |   14|          3|    1|          3|
    |bl10Code_we0                                         |    9|          2|    1|          2|
    |bl11Code_1_address0                                  |   14|          3|    8|         24|
    |bl11Code_1_ce0                                       |   14|          3|    1|          3|
    |bl11Code_1_we0                                       |    9|          2|    1|          2|
    |bl11Code_address0                                    |   14|          3|    8|         24|
    |bl11Code_ce0                                         |   14|          3|    1|          3|
    |bl11Code_we0                                         |    9|          2|    1|          2|
    |bl12Code_1_address0                                  |   14|          3|    8|         24|
    |bl12Code_1_ce0                                       |   14|          3|    1|          3|
    |bl12Code_1_we0                                       |    9|          2|    1|          2|
    |bl12Code_address0                                    |   14|          3|    8|         24|
    |bl12Code_ce0                                         |   14|          3|    1|          3|
    |bl12Code_we0                                         |    9|          2|    1|          2|
    |bl13Code_1_address0                                  |   14|          3|    8|         24|
    |bl13Code_1_ce0                                       |   14|          3|    1|          3|
    |bl13Code_1_we0                                       |    9|          2|    1|          2|
    |bl13Code_address0                                    |   14|          3|    8|         24|
    |bl13Code_ce0                                         |   14|          3|    1|          3|
    |bl13Code_we0                                         |    9|          2|    1|          2|
    |bl14Code_1_address0                                  |   14|          3|    8|         24|
    |bl14Code_1_ce0                                       |   14|          3|    1|          3|
    |bl14Code_1_we0                                       |    9|          2|    1|          2|
    |bl14Code_address0                                    |   14|          3|    8|         24|
    |bl14Code_ce0                                         |   14|          3|    1|          3|
    |bl14Code_we0                                         |    9|          2|    1|          2|
    |bl15Code_1_address0                                  |   14|          3|    8|         24|
    |bl15Code_1_ce0                                       |   14|          3|    1|          3|
    |bl15Code_1_we0                                       |    9|          2|    1|          2|
    |bl15Code_address0                                    |   14|          3|    8|         24|
    |bl15Code_ce0                                         |   14|          3|    1|          3|
    |bl15Code_we0                                         |    9|          2|    1|          2|
    |bl1Code_1_address0                                   |   14|          3|    1|          3|
    |bl1Code_1_ce0                                        |   14|          3|    1|          3|
    |bl1Code_1_we0                                        |    9|          2|    1|          2|
    |bl1Code_address0                                     |   20|          4|    1|          4|
    |bl1Code_ce0                                          |   20|          4|    1|          4|
    |bl1Code_we0                                          |    9|          2|    1|          2|
    |bl2Code_1_address0                                   |   14|          3|    2|          6|
    |bl2Code_1_ce0                                        |   14|          3|    1|          3|
    |bl2Code_1_we0                                        |    9|          2|    1|          2|
    |bl2Code_address0                                     |   20|          4|    2|          8|
    |bl2Code_ce0                                          |   20|          4|    1|          4|
    |bl2Code_we0                                          |    9|          2|    1|          2|
    |bl3Code_1_address0                                   |   14|          3|    3|          9|
    |bl3Code_1_ce0                                        |   14|          3|    1|          3|
    |bl3Code_1_we0                                        |    9|          2|    1|          2|
    |bl3Code_address0                                     |   20|          4|    3|         12|
    |bl3Code_ce0                                          |   20|          4|    1|          4|
    |bl3Code_we0                                          |    9|          2|    1|          2|
    |bl4Code_1_address0                                   |   14|          3|    4|         12|
    |bl4Code_1_ce0                                        |   14|          3|    1|          3|
    |bl4Code_1_we0                                        |    9|          2|    1|          2|
    |bl4Code_address0                                     |   20|          4|    4|         16|
    |bl4Code_ce0                                          |   20|          4|    1|          4|
    |bl4Code_we0                                          |    9|          2|    1|          2|
    |bl5Code_1_address0                                   |   20|          4|    5|         20|
    |bl5Code_1_ce0                                        |   20|          4|    1|          4|
    |bl5Code_1_d0                                         |   14|          3|    9|         27|
    |bl5Code_1_we0                                        |   14|          3|    1|          3|
    |bl5Code_address0                                     |   20|          4|    5|         20|
    |bl5Code_ce0                                          |   20|          4|    1|          4|
    |bl5Code_we0                                          |    9|          2|    1|          2|
    |bl6Code_1_address0                                   |   14|          3|    6|         18|
    |bl6Code_1_ce0                                        |   14|          3|    1|          3|
    |bl6Code_1_we0                                        |    9|          2|    1|          2|
    |bl6Code_address0                                     |   20|          4|    6|         24|
    |bl6Code_ce0                                          |   20|          4|    1|          4|
    |bl6Code_we0                                          |    9|          2|    1|          2|
    |bl7Code_1_address0                                   |   14|          3|    7|         21|
    |bl7Code_1_ce0                                        |   14|          3|    1|          3|
    |bl7Code_1_we0                                        |    9|          2|    1|          2|
    |bl7Code_address0                                     |   26|          5|    7|         35|
    |bl7Code_ce0                                          |   26|          5|    1|          5|
    |bl7Code_d0                                           |   14|          3|    9|         27|
    |bl7Code_we0                                          |   14|          3|    1|          3|
    |bl8Code_1_address0                                   |   14|          3|    8|         24|
    |bl8Code_1_ce0                                        |   14|          3|    1|          3|
    |bl8Code_1_we0                                        |    9|          2|    1|          2|
    |bl8Code_address0                                     |   20|          4|    8|         32|
    |bl8Code_ce0                                          |   20|          4|    1|          4|
    |bl8Code_d0                                           |   14|          3|    9|         27|
    |bl8Code_we0                                          |   14|          3|    1|          3|
    |bl9Code_1_address0                                   |   14|          3|    8|         24|
    |bl9Code_1_ce0                                        |   14|          3|    1|          3|
    |bl9Code_1_we0                                        |    9|          2|    1|          2|
    |bl9Code_address0                                     |   20|          4|    8|         32|
    |bl9Code_ce0                                          |   20|          4|    1|          4|
    |bl9Code_d0                                           |   14|          3|    9|         27|
    |bl9Code_we0                                          |   14|          3|    1|          3|
    |blocks_processed_1_reg_404                           |    9|          2|    1|          2|
    |blocks_processed_2_reg_452                           |    9|          2|    1|          2|
    |call_ret29_discardBitStreamLL_fu_610_bitbuffer_read  |   14|          3|   32|         96|
    |call_ret29_discardBitStreamLL_fu_610_bits_cntr_read  |   14|          3|    6|         18|
    |call_ret29_discardBitStreamLL_fu_610_n_bits_val      |   14|          3|    5|         15|
    |codeOffsets_1_address0                               |   20|          4|    4|         16|
    |codeOffsets_1_ce0                                    |   20|          4|    1|          4|
    |codeOffsets_1_ce1                                    |    9|          2|    1|          2|
    |codeOffsets_1_d0                                     |   14|          3|   16|         48|
    |codeOffsets_1_we0                                    |   14|          3|    1|          3|
    |codeOffsets_address0                                 |   26|          5|    4|         20|
    |codeOffsets_address1                                 |   14|          3|    4|         12|
    |codeOffsets_ce0                                      |   26|          5|    1|          5|
    |codeOffsets_ce1                                      |   14|          3|    1|          3|
    |codeOffsets_d0                                       |   14|          3|   16|         48|
    |codeOffsets_we0                                      |   14|          3|    1|          3|
    |done_0_reg_312                                       |    9|          2|    1|          2|
    |done_11_reg_476                                      |   20|          4|    1|          4|
    |done_13_reg_549                                      |    9|          2|    1|          2|
    |done_4349_reg_335                                    |    9|          2|    1|          2|
    |done_5_reg_419                                       |    9|          2|    1|          2|
    |dynamic_lens_address0                                |   26|          5|    9|         45|
    |dynamic_lens_ce0                                     |   26|          5|    1|          5|
    |dynamic_lens_d0                                      |   20|          4|    5|         20|
    |dynamic_lens_we0                                     |   20|          4|    1|          4|
    |grp_code_generator_array_dyn_new_fu_737_codes_val    |   20|          4|    9|         36|
    |grp_code_generator_array_dyn_new_fu_737_idx          |   14|          3|    9|         27|
    |grp_discardBitStreamLL_fu_600_bitbuffer_read         |   14|          3|   32|         96|
    |grp_discardBitStreamLL_fu_600_bits_cntr_read         |   14|          3|    6|         18|
    |grp_discardBitStreamLL_fu_600_n_bits_val             |   20|          4|    5|         20|
    |grp_discardBitStreamLL_fu_626_bitbuffer_read         |   14|          3|   32|         96|
    |grp_discardBitStreamLL_fu_626_bits_cntr_read         |   14|          3|    6|         18|
    |grp_discardBitStreamLL_fu_626_n_bits_val             |   14|          3|    5|         15|
    |grp_huffmanBytegenLL_fu_661_bits_cntr_read           |   14|          3|    6|         18|
    |grp_huffmanBytegenLL_fu_661_ignoreValue              |   14|          3|    3|          9|
    |grp_huffmanBytegenLL_fu_661_p_bitbuffer_read         |   14|          3|   32|         96|
    |grp_huffmanBytegenLL_fu_661_p_read2                  |   14|          3|    1|          3|
    |grp_loadBitStreamLL_fu_580_bitbuffer_read            |   65|         12|   32|        384|
    |grp_loadBitStreamLL_fu_580_bits_cntr_read            |   59|         11|    6|         66|
    |grp_loadBitStreamLL_fu_580_bits_cntr_read_2          |   59|         11|    6|         66|
    |grp_loadBitStreamLL_fu_580_done_read                 |   65|         15|    1|         15|
    |grp_loadBitStreamLL_fu_580_done_read_2               |   65|         15|    1|         15|
    |huffman_eos_stream_blk_n                             |    9|          2|    1|          2|
    |huffman_eos_stream_read                              |   43|          8|    1|          8|
    |huffman_input_stream_blk_n                           |    9|          2|    1|          2|
    |huffman_input_stream_read                            |   43|          8|    1|          8|
    |isMultipleFiles_130_reg_371                          |    9|          2|    1|          2|
    |isMultipleFiles_1_reg_462                            |    9|          2|    1|          2|
    |isMultipleFiles_reg_323                              |    9|          2|    1|          2|
    |lz77_output_stream_blk_n                             |    9|          2|    1|          2|
    |lz77_output_stream_din                               |   14|          3|   16|         48|
    |lz77_output_stream_write                             |   20|          4|    1|          4|
    |order_address0                                       |   14|          3|    5|         15|
    |order_ce0                                            |   14|          3|    1|          3|
    +-----------------------------------------------------+-----+-----------+-----+-----------+
    |Total                                                | 2804|        591|  891|       3025|
    +-----------------------------------------------------+-----+-----------+-----+-----------+

    * Register: 
    +---------------------------------------------------------------------------+----+----+-----+-----------+
    |                                    Name                                   | FF | LUT| Bits| Const Bits|
    +---------------------------------------------------------------------------+----+----+-----+-----------+
    |add_ln1069_reg_1439                                                        |   5|   0|    5|          0|
    |ap_CS_fsm                                                                  |  46|   0|   46|          0|
    |bitbuffer_0_fu_128                                                         |  32|   0|   32|          0|
    |bitbuffer_11_reg_510                                                       |  32|   0|   32|          0|
    |bitbuffer_12_reg_571                                                       |  32|   0|   32|          0|
    |bitbuffer_1_reg_1258                                                       |  32|   0|   32|          0|
    |bitbuffer_20_reg_1352                                                      |  29|   0|   29|          0|
    |bitbuffer_22_reg_1580                                                      |  32|   0|   32|          0|
    |bitbuffer_30_reg_1531                                                      |  32|   0|   32|          0|
    |bitbuffer_34_reg_1418                                                      |  32|   0|   32|          0|
    |bitbuffer_35_reg_1466                                                      |  32|   0|   32|          0|
    |bitbuffer_36_reg_1488                                                      |  32|   0|   32|          0|
    |bitbuffer_4336_reg_359                                                     |  32|   0|   32|          0|
    |bitbuffer_5337_reg_441                                                     |  32|   0|   32|          0|
    |bitbuffer_9_reg_1309                                                       |  32|   0|   32|          0|
    |bits_cntr_0_fu_132                                                         |   6|   0|    6|          0|
    |bits_cntr_10_reg_562                                                       |   6|   0|    6|          0|
    |bits_cntr_11_reg_1315                                                      |   6|   0|    6|          0|
    |bits_cntr_1_reg_1264                                                       |   6|   0|    6|          0|
    |bits_cntr_20_reg_1358                                                      |   6|   0|    6|          0|
    |bits_cntr_22_reg_1585                                                      |   6|   0|    6|          0|
    |bits_cntr_30_reg_1537                                                      |   6|   0|    6|          0|
    |bits_cntr_34_reg_1423                                                      |   6|   0|    6|          0|
    |bits_cntr_35_reg_1471                                                      |   6|   0|    6|          0|
    |bits_cntr_36_reg_1493                                                      |   6|   0|    6|          0|
    |bits_cntr_4343_reg_347                                                     |   6|   0|    6|          0|
    |bits_cntr_5344_reg_430                                                     |   6|   0|    6|          0|
    |bits_cntr_9_reg_493                                                        |   6|   0|    6|          0|
    |blocks_processed_1_reg_404                                                 |   1|   0|    1|          0|
    |blocks_processed_2_reg_452                                                 |   1|   0|    1|          0|
    |blocks_processed_3_reg_527                                                 |   1|   0|    1|          0|
    |cb_type_reg_1348                                                           |   2|   0|    2|          0|
    |done_0_reg_312                                                             |   1|   0|    1|          0|
    |done_10_reg_1574                                                           |   1|   0|    1|          0|
    |done_11_reg_476                                                            |   1|   0|    1|          0|
    |done_13_reg_549                                                            |   1|   0|    1|          0|
    |done_14_reg_1513                                                           |   1|   0|    1|          0|
    |done_15_reg_1525                                                           |   1|   0|    1|          0|
    |done_16_reg_1543                                                           |   1|   0|    1|          0|
    |done_17_reg_1378                                                           |   1|   0|    1|          0|
    |done_18_reg_1477                                                           |   1|   0|    1|          0|
    |done_19_reg_1498                                                           |   1|   0|    1|          0|
    |done_1_reg_1280                                                            |   1|   0|    1|          0|
    |done_21_reg_1388                                                           |   1|   0|    1|          0|
    |done_2_reg_1290                                                            |   1|   0|    1|          0|
    |done_3_reg_1296                                                            |   1|   0|    1|          0|
    |done_4349_reg_335                                                          |   1|   0|    1|          0|
    |done_4_reg_1302                                                            |   1|   0|    1|          0|
    |done_5_reg_419                                                             |   1|   0|    1|          0|
    |done_6_reg_1327                                                            |   1|   0|    1|          0|
    |done_7_reg_1561                                                            |   1|   0|    1|          0|
    |done_8_reg_1567                                                            |   1|   0|    1|          0|
    |done_9_reg_1341                                                            |   1|   0|    1|          0|
    |done_reg_1251                                                              |   1|   0|    1|          0|
    |dynamic_last_reg_1335                                                      |   1|   0|    1|          0|
    |dynamic_ndist_reg_1451                                                     |   6|   0|    6|          0|
    |dynamic_nlen_reg_1444                                                      |   9|   0|    9|          0|
    |empty_45_reg_1428                                                          |   4|   0|    4|          0|
    |grp_byteGen_fu_762_ap_start_reg                                            |   1|   0|    1|          0|
    |grp_code_generator_array_dyn_new_fu_737_ap_start_reg                       |   1|   0|    1|          0|
    |grp_huffmanBytegenLL_fu_661_ap_start_reg                                   |   1|   0|    1|          0|
    |grp_huffmanDecoderLL_2_0_Pipeline_VITIS_LOOP_1081_2_fu_729_ap_start_reg    |   1|   0|    1|          0|
    |grp_huffmanDecoderLL_2_0_Pipeline_VITIS_LOOP_1130_3_fu_651_ap_start_reg    |   1|   0|    1|          0|
    |grp_huffmanDecoderLL_2_0_Pipeline_consumeLeftOverData_fu_801_ap_start_reg  |   1|   0|    1|          0|
    |grp_huffmanDecoderLL_2_0_Pipeline_dyn_len_bits_fu_711_ap_start_reg         |   1|   0|    1|          0|
    |grp_huffmanDecoderLL_2_0_Pipeline_read_fname_fu_636_ap_start_reg           |   1|   0|    1|          0|
    |grp_huffmanDecoderLL_2_0_Pipeline_strd_blk_cpy_fu_784_ap_start_reg         |   1|   0|    1|          0|
    |icmp_ln955_reg_1271                                                        |   1|   0|    1|          0|
    |ignoreValue_1_reg_1503                                                     |   2|   0|    3|          1|
    |ignoreValue_reg_1393                                                       |   2|   0|    3|          1|
    |isGzip_028_reg_387                                                         |   1|   0|    1|          0|
    |isMultipleFiles_130_reg_371                                                |   1|   0|    1|          0|
    |isMultipleFiles_1_reg_462                                                  |   1|   0|    1|          0|
    |isMultipleFiles_reg_323                                                    |   1|   0|    1|          0|
    |reg_870                                                                    |  32|   0|   32|          0|
    |reg_877                                                                    |   6|   0|    6|          0|
    |reg_885                                                                    |  32|   0|   32|          0|
    |reg_892                                                                    |   6|   0|    6|          0|
    |skip_fname_reg_1286                                                        |   1|   0|    1|          0|
    |store_length_reg_1519                                                      |  16|   0|   16|          0|
    |trunc_ln1019_reg_1366                                                      |   3|   0|    3|          0|
    |trunc_ln1057_reg_1383                                                      |   5|   0|    5|          0|
    |trunc_ln1060_reg_1413                                                      |   5|   0|    5|          0|
    |trunc_ln983_reg_1322                                                       |   8|   0|    8|          0|
    |xor_ln1069_reg_1434                                                        |   4|   0|    4|          0|
    |zext_ln1018_reg_1372                                                       |  29|   0|   32|          3|
    |zext_ln891_reg_1483                                                        |   6|   0|    9|          3|
    +---------------------------------------------------------------------------+----+----+-----+-----------+
    |Total                                                                      | 760|   0|  768|          8|
    +---------------------------------------------------------------------------+----+----+-----+-----------+



================================================================
== Interface
================================================================
* Summary: 
+------------------------------+-----+-----+------------+------------------------+--------------+
|           RTL Ports          | Dir | Bits|  Protocol  |      Source Object     |    C Type    |
+------------------------------+-----+-----+------------+------------------------+--------------+
|ap_clk                        |   in|    1|  ap_ctrl_hs|  huffmanDecoderLL<2, 0>|  return value|
|ap_rst                        |   in|    1|  ap_ctrl_hs|  huffmanDecoderLL<2, 0>|  return value|
|ap_start                      |   in|    1|  ap_ctrl_hs|  huffmanDecoderLL<2, 0>|  return value|
|ap_done                       |  out|    1|  ap_ctrl_hs|  huffmanDecoderLL<2, 0>|  return value|
|ap_idle                       |  out|    1|  ap_ctrl_hs|  huffmanDecoderLL<2, 0>|  return value|
|ap_ready                      |  out|    1|  ap_ctrl_hs|  huffmanDecoderLL<2, 0>|  return value|
|huffman_input_stream_dout     |   in|   16|     ap_fifo|    huffman_input_stream|       pointer|
|huffman_input_stream_empty_n  |   in|    1|     ap_fifo|    huffman_input_stream|       pointer|
|huffman_input_stream_read     |  out|    1|     ap_fifo|    huffman_input_stream|       pointer|
|huffman_eos_stream_dout       |   in|    1|     ap_fifo|      huffman_eos_stream|       pointer|
|huffman_eos_stream_empty_n    |   in|    1|     ap_fifo|      huffman_eos_stream|       pointer|
|huffman_eos_stream_read       |  out|    1|     ap_fifo|      huffman_eos_stream|       pointer|
|lz77_output_stream_din        |  out|   16|     ap_fifo|      lz77_output_stream|       pointer|
|lz77_output_stream_full_n     |   in|    1|     ap_fifo|      lz77_output_stream|       pointer|
|lz77_output_stream_write      |  out|    1|     ap_fifo|      lz77_output_stream|       pointer|
+------------------------------+-----+-----+------------+------------------------+--------------+

